2025-12-12 09:12:17 - utils - INFO - [utils.py:175] - Successfully loaded configuration from config.yaml
2025-12-12 09:12:17 - root - INFO - [train_enhanced.py:72] - Using device: cpu
2025-12-12 09:12:17 - root - INFO - [train_enhanced.py:615] - Loading data from market_data/ORCL_data.csv
2025-12-12 09:12:17 - data_loader - INFO - [data_loader.py:43] - Loading data from market_data/ORCL_data.csv
2025-12-12 09:12:17 - data_loader - INFO - [data_loader.py:50] - Loaded 9805 rows from market_data/ORCL_data.csv
2025-12-12 09:12:17 - root - INFO - [train_enhanced.py:619] - Loading and merging text data: demo/sample_text.csv
2025-12-12 09:12:17 - data_loader - INFO - [data_loader.py:103] - Loading text data from demo/sample_text.csv
2025-12-12 09:12:17 - root - INFO - [train_enhanced.py:633] - Preprocessing data...
2025-12-12 09:12:17 - data_loader - INFO - [data_loader.py:233] - Starting data preprocessing...
2025-12-12 09:12:17 - feature_engineering - INFO - [feature_engineering.py:360] - Starting feature engineering...
2025-12-12 09:12:18 - feature_engineering - INFO - [feature_engineering.py:385] - Feature engineering complete: (9805, 21) -> (9805, 139)
2025-12-12 09:12:18 - feature_engineering - INFO - [feature_engineering.py:390] - Added 118 new features
2025-12-12 09:12:18 - data_loader - INFO - [data_loader.py:261] - Features shape: (9805, 136), Target shape: (9805,)
2025-12-12 09:12:18 - data_loader - INFO - [data_loader.py:278] - Created sequences: X=(9745, 60, 136), y=(9745,)
2025-12-12 09:12:19 - data_loader - INFO - [data_loader.py:305] - Train: (6821, 60, 136), Val: (975, 60, 136), Test: (1949, 60, 136)
2025-12-12 09:12:19 - data_loader - INFO - [data_loader.py:336] - Scaler saved to trained_data/models/scaler.pkl
2025-12-12 09:12:19 - root - INFO - [train_enhanced.py:330] - Starting training...
2025-12-12 09:16:09 - utils - INFO - [utils.py:175] - Successfully loaded configuration from config.yaml
2025-12-12 09:16:09 - root - INFO - [train_enhanced.py:72] - Using device: cpu
2025-12-12 09:16:09 - root - INFO - [train_enhanced.py:615] - Loading data from market_data/ORCL_data.csv
2025-12-12 09:16:09 - data_loader - INFO - [data_loader.py:43] - Loading data from market_data/ORCL_data.csv
2025-12-12 09:16:09 - data_loader - INFO - [data_loader.py:50] - Loaded 9805 rows from market_data/ORCL_data.csv
2025-12-12 09:16:09 - root - INFO - [train_enhanced.py:619] - Loading and merging text data: demo/sample_text.csv
2025-12-12 09:16:09 - data_loader - INFO - [data_loader.py:103] - Loading text data from demo/sample_text.csv
2025-12-12 09:16:09 - root - INFO - [train_enhanced.py:633] - Preprocessing data...
2025-12-12 09:16:09 - data_loader - INFO - [data_loader.py:233] - Starting data preprocessing...
2025-12-12 09:16:09 - feature_engineering - INFO - [feature_engineering.py:360] - Starting feature engineering...
2025-12-12 09:16:09 - feature_engineering - INFO - [feature_engineering.py:385] - Feature engineering complete: (9805, 21) -> (9805, 139)
2025-12-12 09:16:09 - feature_engineering - INFO - [feature_engineering.py:390] - Added 118 new features
2025-12-12 09:16:09 - data_loader - INFO - [data_loader.py:261] - Features shape: (9805, 136), Target shape: (9805,)
2025-12-12 09:16:10 - data_loader - INFO - [data_loader.py:278] - Created sequences: X=(9745, 60, 136), y=(9745,)
2025-12-12 09:16:10 - data_loader - INFO - [data_loader.py:305] - Train: (6821, 60, 136), Val: (975, 60, 136), Test: (1949, 60, 136)
2025-12-12 09:16:10 - data_loader - INFO - [data_loader.py:336] - Scaler saved to trained_data/models/scaler.pkl
2025-12-12 09:16:10 - root - INFO - [train_enhanced.py:330] - Starting training...
2025-12-12 09:16:14 - root - INFO - [train_enhanced.py:378] - Using AdamW optimizer with lr=0.0005, weight_decay=0.0
2025-12-12 09:16:14 - root - INFO - [train_enhanced.py:388] - Using CosineAnnealingWarmRestarts scheduler with warmup_steps=1000
2025-12-12 09:16:14 - root - INFO - [train_enhanced.py:427] - Using Huber loss with delta=1.0
2025-12-12 09:16:14 - root - INFO - [train_enhanced.py:439] - Applied label smoothing with smoothing=0.05
2025-12-12 09:20:25 - utils - INFO - [utils.py:175] - Successfully loaded configuration from config.yaml
2025-12-12 09:20:25 - root - INFO - [train_enhanced.py:72] - Using device: cpu
2025-12-12 09:20:25 - root - INFO - [train_enhanced.py:615] - Loading data from market_data/RIOT_data.csv
2025-12-12 09:20:25 - data_loader - INFO - [data_loader.py:43] - Loading data from market_data/RIOT_data.csv
2025-12-12 09:20:25 - data_loader - INFO - [data_loader.py:50] - Loaded 2229 rows from market_data/RIOT_data.csv
2025-12-12 09:20:25 - root - INFO - [train_enhanced.py:619] - Loading and merging text data: demo/sample_text.csv
2025-12-12 09:20:25 - data_loader - INFO - [data_loader.py:103] - Loading text data from demo/sample_text.csv
2025-12-12 09:20:25 - root - INFO - [train_enhanced.py:633] - Preprocessing data...
2025-12-12 09:20:25 - data_loader - INFO - [data_loader.py:233] - Starting data preprocessing...
2025-12-12 09:20:25 - feature_engineering - INFO - [feature_engineering.py:360] - Starting feature engineering...
2025-12-12 09:20:25 - feature_engineering - INFO - [feature_engineering.py:385] - Feature engineering complete: (2229, 21) -> (2229, 139)
2025-12-12 09:20:25 - feature_engineering - INFO - [feature_engineering.py:390] - Added 118 new features
2025-12-12 09:20:25 - data_loader - INFO - [data_loader.py:261] - Features shape: (2229, 136), Target shape: (2229,)
2025-12-12 09:20:25 - data_loader - INFO - [data_loader.py:278] - Created sequences: X=(2169, 60, 136), y=(2169,)
2025-12-12 09:20:25 - data_loader - INFO - [data_loader.py:305] - Train: (1518, 60, 136), Val: (217, 60, 136), Test: (434, 60, 136)
2025-12-12 09:20:25 - data_loader - INFO - [data_loader.py:336] - Scaler saved to trained_data/models/scaler.pkl
2025-12-12 09:20:25 - root - INFO - [train_enhanced.py:330] - Starting training...
2025-12-12 09:20:28 - root - INFO - [train_enhanced.py:378] - Using AdamW optimizer with lr=0.0005, weight_decay=0.0
2025-12-12 09:20:28 - root - INFO - [train_enhanced.py:388] - Using CosineAnnealingWarmRestarts scheduler with warmup_steps=1000
2025-12-12 09:20:28 - root - INFO - [train_enhanced.py:427] - Using Huber loss with delta=1.0
2025-12-12 09:20:28 - root - INFO - [train_enhanced.py:439] - Applied label smoothing with smoothing=0.05
2025-12-12 09:23:29 - utils - INFO - [utils.py:175] - Successfully loaded configuration from config.yaml
2025-12-12 09:23:29 - root - INFO - [train_enhanced.py:72] - Using device: cpu
2025-12-12 09:23:29 - root - INFO - [train_enhanced.py:615] - Loading data from market_data/RIOT_data.csv
2025-12-12 09:23:29 - data_loader - INFO - [data_loader.py:43] - Loading data from market_data/RIOT_data.csv
2025-12-12 09:23:29 - data_loader - INFO - [data_loader.py:50] - Loaded 2229 rows from market_data/RIOT_data.csv
2025-12-12 09:23:29 - root - INFO - [train_enhanced.py:619] - Loading and merging text data: demo/sample_text.csv
2025-12-12 09:23:29 - data_loader - INFO - [data_loader.py:103] - Loading text data from demo/sample_text.csv
2025-12-12 09:23:29 - root - INFO - [train_enhanced.py:633] - Preprocessing data...
2025-12-12 09:23:29 - data_loader - INFO - [data_loader.py:233] - Starting data preprocessing...
2025-12-12 09:23:29 - feature_engineering - INFO - [feature_engineering.py:360] - Starting feature engineering...
2025-12-12 09:23:29 - feature_engineering - INFO - [feature_engineering.py:385] - Feature engineering complete: (2229, 21) -> (2229, 139)
2025-12-12 09:23:29 - feature_engineering - INFO - [feature_engineering.py:390] - Added 118 new features
2025-12-12 09:23:29 - data_loader - INFO - [data_loader.py:261] - Features shape: (2229, 136), Target shape: (2229,)
2025-12-12 09:23:29 - data_loader - INFO - [data_loader.py:278] - Created sequences: X=(2169, 60, 136), y=(2169,)
2025-12-12 09:23:29 - data_loader - INFO - [data_loader.py:305] - Train: (1518, 60, 136), Val: (217, 60, 136), Test: (434, 60, 136)
2025-12-12 09:23:29 - data_loader - INFO - [data_loader.py:336] - Scaler saved to trained_data/models/scaler.pkl
2025-12-12 09:23:29 - root - INFO - [train_enhanced.py:330] - Starting training...
2025-12-12 09:23:30 - root - INFO - [train_enhanced.py:378] - Using AdamW optimizer with lr=0.0005, weight_decay=0.0
2025-12-12 09:23:30 - root - INFO - [train_enhanced.py:388] - Using CosineAnnealingWarmRestarts scheduler with warmup_steps=1000
2025-12-12 09:23:30 - root - INFO - [train_enhanced.py:427] - Using Huber loss with delta=1.0
2025-12-12 09:23:30 - root - INFO - [train_enhanced.py:439] - Applied label smoothing with smoothing=0.05
2025-12-12 09:23:36 - root - INFO - [train_enhanced.py:483] - Epoch 0/1 - Train Loss: 4.752630, Val Loss: 3.767505, Val RMSE: 4.687115, Val R2: -3.345520
2025-12-12 09:23:36 - root - INFO - [train_enhanced.py:508] - Saved best model with val_loss: 3.767505
2025-12-12 09:23:36 - root - INFO - [train_enhanced.py:517] - Training complete!
2025-12-12 09:23:36 - root - INFO - [train_enhanced.py:518] - Best validation loss: 3.767505
2025-12-12 09:23:36 - root - INFO - [train_enhanced.py:524] - Evaluating on test set...
2025-12-12 09:23:41 - utils - INFO - [utils.py:175] - Successfully loaded configuration from config.yaml
2025-12-12 09:23:41 - root - INFO - [train_enhanced.py:72] - Using device: cpu
2025-12-12 09:23:41 - root - INFO - [train_enhanced.py:615] - Loading data from market_data/RIOT_data.csv
2025-12-12 09:23:41 - data_loader - INFO - [data_loader.py:43] - Loading data from market_data/RIOT_data.csv
2025-12-12 09:23:41 - data_loader - INFO - [data_loader.py:50] - Loaded 2229 rows from market_data/RIOT_data.csv
2025-12-12 09:23:41 - root - INFO - [train_enhanced.py:619] - Loading and merging text data: demo/sample_text.csv
2025-12-12 09:23:41 - data_loader - INFO - [data_loader.py:103] - Loading text data from demo/sample_text.csv
2025-12-12 09:23:41 - root - INFO - [train_enhanced.py:633] - Preprocessing data...
2025-12-12 09:23:41 - data_loader - INFO - [data_loader.py:233] - Starting data preprocessing...
2025-12-12 09:23:41 - feature_engineering - INFO - [feature_engineering.py:360] - Starting feature engineering...
2025-12-12 09:23:42 - feature_engineering - INFO - [feature_engineering.py:385] - Feature engineering complete: (2229, 21) -> (2229, 139)
2025-12-12 09:23:42 - feature_engineering - INFO - [feature_engineering.py:390] - Added 118 new features
2025-12-12 09:23:42 - data_loader - INFO - [data_loader.py:261] - Features shape: (2229, 136), Target shape: (2229,)
2025-12-12 09:23:42 - data_loader - INFO - [data_loader.py:278] - Created sequences: X=(2169, 60, 136), y=(2169,)
2025-12-12 09:23:42 - data_loader - INFO - [data_loader.py:305] - Train: (1518, 60, 136), Val: (217, 60, 136), Test: (434, 60, 136)
2025-12-12 09:23:42 - data_loader - INFO - [data_loader.py:336] - Scaler saved to trained_data/models/scaler.pkl
2025-12-12 09:23:42 - root - INFO - [train_enhanced.py:330] - Starting training...
2025-12-12 09:23:42 - root - INFO - [train_enhanced.py:378] - Using AdamW optimizer with lr=0.0005, weight_decay=0.0
2025-12-12 09:23:42 - root - INFO - [train_enhanced.py:388] - Using CosineAnnealingWarmRestarts scheduler with warmup_steps=1000
2025-12-12 09:23:42 - root - INFO - [train_enhanced.py:427] - Using Huber loss with delta=1.0
2025-12-12 09:23:42 - root - INFO - [train_enhanced.py:439] - Applied label smoothing with smoothing=0.05
2025-12-12 09:23:48 - root - INFO - [train_enhanced.py:483] - Epoch 0/1 - Train Loss: 5.041521, Val Loss: 5.699140, Val RMSE: 6.161054, Val R2: -6.508281
2025-12-12 09:23:48 - root - INFO - [train_enhanced.py:508] - Saved best model with val_loss: 5.699140
2025-12-12 09:23:48 - root - INFO - [train_enhanced.py:517] - Training complete!
2025-12-12 09:23:48 - root - INFO - [train_enhanced.py:518] - Best validation loss: 5.699140
2025-12-12 09:23:48 - root - INFO - [train_enhanced.py:524] - Evaluating on test set...
2025-12-12 09:25:44 - utils - INFO - [utils.py:175] - Successfully loaded configuration from config.yaml
2025-12-12 09:25:44 - root - INFO - [train_enhanced.py:72] - Using device: cpu
2025-12-12 09:25:44 - root - INFO - [train_enhanced.py:623] - Loading data from market_data/RIOT_data.csv
2025-12-12 09:25:44 - data_loader - INFO - [data_loader.py:43] - Loading data from market_data/RIOT_data.csv
2025-12-12 09:25:44 - data_loader - INFO - [data_loader.py:50] - Loaded 2229 rows from market_data/RIOT_data.csv
2025-12-12 09:25:44 - root - INFO - [train_enhanced.py:627] - Loading and merging text data: demo/sample_text.csv
2025-12-12 09:25:44 - data_loader - INFO - [data_loader.py:103] - Loading text data from demo/sample_text.csv
2025-12-12 09:25:44 - root - INFO - [train_enhanced.py:641] - Preprocessing data...
2025-12-12 09:25:44 - data_loader - INFO - [data_loader.py:233] - Starting data preprocessing...
2025-12-12 09:25:44 - feature_engineering - INFO - [feature_engineering.py:360] - Starting feature engineering...
2025-12-12 09:25:44 - feature_engineering - INFO - [feature_engineering.py:385] - Feature engineering complete: (2229, 21) -> (2229, 139)
2025-12-12 09:25:44 - feature_engineering - INFO - [feature_engineering.py:390] - Added 118 new features
2025-12-12 09:25:44 - data_loader - INFO - [data_loader.py:261] - Features shape: (2229, 136), Target shape: (2229,)
2025-12-12 09:25:44 - data_loader - INFO - [data_loader.py:278] - Created sequences: X=(2169, 60, 136), y=(2169,)
2025-12-12 09:25:44 - data_loader - INFO - [data_loader.py:305] - Train: (1518, 60, 136), Val: (217, 60, 136), Test: (434, 60, 136)
2025-12-12 09:25:44 - data_loader - INFO - [data_loader.py:336] - Scaler saved to trained_data/models/scaler.pkl
2025-12-12 09:25:44 - root - INFO - [train_enhanced.py:334] - Starting training...
2025-12-12 09:25:45 - root - INFO - [train_enhanced.py:382] - Using AdamW optimizer with lr=0.0005, weight_decay=0.0
2025-12-12 09:25:45 - root - INFO - [train_enhanced.py:392] - Using CosineAnnealingWarmRestarts scheduler with warmup_steps=1000
2025-12-12 09:25:45 - root - INFO - [train_enhanced.py:431] - Using Huber loss with delta=1.0
2025-12-12 09:25:45 - root - INFO - [train_enhanced.py:443] - Applied label smoothing with smoothing=0.05
2025-12-12 09:25:51 - root - INFO - [train_enhanced.py:487] - Epoch 0/1 - Train Loss: 5.530923, Val Loss: 4.477678, Val RMSE: 5.732248, Val R2: -5.499507
2025-12-12 09:25:51 - root - INFO - [train_enhanced.py:512] - Saved best model with val_loss: 4.477678
2025-12-12 09:25:51 - root - INFO - [train_enhanced.py:521] - Training complete!
2025-12-12 09:25:51 - root - INFO - [train_enhanced.py:522] - Best validation loss: 4.477678
2025-12-12 09:25:51 - root - INFO - [train_enhanced.py:528] - Evaluating on test set...
2025-12-12 09:25:51 - evaluation - INFO - [evaluation.py:235] - ==================================================
2025-12-12 09:25:51 - evaluation - INFO - [evaluation.py:236] - Model Evaluation Metrics
2025-12-12 09:25:51 - evaluation - INFO - [evaluation.py:237] - ==================================================
2025-12-12 09:25:51 - evaluation - INFO - [evaluation.py:240] - test_mse................................ 82.108124
2025-12-12 09:25:51 - evaluation - INFO - [evaluation.py:240] - test_rmse............................... 9.061353
2025-12-12 09:25:51 - evaluation - INFO - [evaluation.py:240] - test_mae................................ 8.182356
2025-12-12 09:25:51 - evaluation - INFO - [evaluation.py:240] - test_r2................................. -10.122797
2025-12-12 09:25:51 - evaluation - INFO - [evaluation.py:240] - test_mape............................... 77.240783
2025-12-12 09:25:51 - evaluation - INFO - [evaluation.py:240] - test_max_error.......................... 16.877773
2025-12-12 09:25:51 - evaluation - INFO - [evaluation.py:240] - test_median_error....................... 9.280460
2025-12-12 09:25:51 - evaluation - INFO - [evaluation.py:240] - test_direction_accuracy................. 48.960739
2025-12-12 09:25:51 - evaluation - INFO - [evaluation.py:242] - ==================================================
2025-12-12 09:25:53 - evaluation - INFO - [evaluation.py:295] - Plot saved to trained_data/visualizations/test_predictions.png
2025-12-12 09:25:53 - root - INFO - [train_enhanced.py:663] - Running backtest...
2025-12-12 09:25:53 - root - INFO - [train_enhanced.py:668] - Backtest Results:
2025-12-12 09:25:53 - root - INFO - [train_enhanced.py:670] - total_return_pct: -47.55
2025-12-12 09:25:53 - root - INFO - [train_enhanced.py:670] - final_value: 5244.77
2025-12-12 09:25:53 - root - INFO - [train_enhanced.py:670] - volatility: 40.23
2025-12-12 09:25:53 - root - INFO - [train_enhanced.py:670] - sharpe_ratio: -0.73
2025-12-12 09:25:53 - root - INFO - [train_enhanced.py:670] - max_drawdown_pct: -53.90
2025-12-12 09:25:53 - root - INFO - [train_enhanced.py:670] - num_trades: 14.00
2025-12-12 09:25:53 - root - INFO - [train_enhanced.py:670] - win_rate_pct: 0.00
2025-12-12 09:25:53 - root - INFO - [train_enhanced.py:672] - All done!
