2026-07-07 23:57:39,067 INFO src.crypto.data_layer binance perp symbols (USDT, incl delisted): 791
/Users/buddy/Documents/ml_engine/scripts/experiment_crypto_funding_carry.py:111: FutureWarning: The default fill_method='pad' in Series.pct_change is deprecated and will be removed in a future version. Either fill in any non-leading NA values prior to calling pct_change or specify 'fill_method=None' to not fill NA values.
  btc_ret = close["BTCUSDT"].pct_change()
/Users/buddy/Documents/ml_engine/src/crypto/carry_shadow.py:143: FutureWarning: Downcasting object dtype arrays on .fillna, .ffill, .bfill is deprecated and will change in a future version. Call result.infer_objects(copy=False) instead. To opt-in to the future behavior, set `pd.set_option('future.no_silent_downcasting', True)`
  sig = sig.where(elig.shift(1).fillna(False))
2026-07-07 23:58:29,391 INFO src.crypto.carry_shadow crypto carry shadow: no new trading day since last cycle (asof_date=2026-05-31 unchanged) -- skipping duplicate ledger row
universe enumerated (incl delisted): 791 USDT perps
  klines: 100/791 (0s)
  klines: 200/791 (0s)
  klines: 300/791 (0s)
  klines: 400/791 (0s)
  klines: 500/791 (1s)
  klines: 600/791 (1s)
  klines: 700/791 (1s)
  klines: 790/791 non-empty in 45s
symbols ever >= $10M ADV: 703
  funding: 100/703 (0s)
  funding: 200/703 (0s)
  funding: 300/703 (0s)
  funding: 400/703 (0s)
  funding: 500/703 (0s)
  funding: 600/703 (0s)
  funding: 700/703 (1s)
  funding: 703/703 non-empty in 1s
CYCLE_RESULT: ran=True reason=no_new_trading_day lane=crypto_carry orders=0 asof=2026-05-31
